Microchip MPLAB XC8 Compiler V2.50

Linker command line:

-W-3 \
  --edf=C:\Program Files\Microchip\xc8\v2.50\pic\dat\20240725155939_en.msgs \
  -cn -h+dist/default/debug\oled_test.X.debug.sym \
  --cmf=dist/default/debug\oled_test.X.debug.cmf -z -Q18F25K22 \
  -oC:\Users\blane\AppData\Local\Temp\xcAskrk.\driver_tmp_3.o \
  --defsym=__MPLAB_BUILD=1 --fixupoverflow=error \
  -Mdist/default/debug/oled_test.X.debug.map \
  --md=C:\Users\blane\AppData\Local\Temp\xcAskrk.\driver_tmp_0.dat -E1 \
  -ver=XC8 Compiler --acfsm=1493 -ACODE=00h-07FFFh -ACONST=00h-07FFFh \
  -ASMALLCONST=0600h-06FFhx122 -AMEDIUMCONST=0600h-07FFFh -ACOMRAM=01h-05Fh \
  -AABS1=00h-05FFh -ABIGRAM=01h-05FFh -ARAM=060h-0FFh,0100h-01FFhx5 \
  -ABANK0=060h-0FFh -ABANK1=0100h-01FFh -ABANK2=0200h-02FFh \
  -ABANK3=0300h-03FFh -ABANK4=0400h-04FFh -ABANK5=0500h-05FFh \
  -ASFR=0F38h-0F5Fh,0F60h-0FFFh -ABIGSFR=0F38h-0FFFh \
  -ACONFIG=0300000h-030000Dh -AIDLOC=0200000h-0200007h \
  -AEEDATA=0F00000h-0F000FFh -peeprom_data=EEDATA \
  -preset_vec=00h,intcode=8h,intcodelo,powerup,init -pramtop=0600h \
  -psmallconst=SMALLCONST -pmediumconst=MEDIUMCONST -pconst=CONST \
  -AFARRAM=00h-00h \
  -prdata=COMRAM,nvrram=COMRAM,nvbit=COMRAM,rbss=COMRAM,rbit=COMRAM \
  -pfarbss=FARRAM,fardata=FARRAM,nvFARRAM=FARRAM \
  -pintsave_regs=BIGRAM,bigbss=BIGRAM,bigdata=BIGRAM -pbss=RAM \
  -pidata=CODE,irdata=CODE,ibigdata=CODE,ifardata=CODE -prparam=COMRAM \
  C:\Users\blane\AppData\Local\Temp\xcAskrk.\driver_tmp_9.o \
  dist/default/debug\oled_test.X.debug.o 

Object code version is 3.11

Machine type is 18F25K22



                Name                               Link     Load   Length Selector   Space Scale
C:\Users\blane\AppData\Local\Temp\xcAskrk.\driver_tmp_9.o
                config                           300000   300000        E        0       4
                init                                 5C       5C        4        4       0
                reset_vec                             0        0        4        0       0
dist/default/debug\oled_test.X.debug.o
                intcode                               8        8       54        4       0
                config                           300000   300000        E        0       4
                temp                                 35       35        1        1       1
                mediumconst                        7AFE     7AFE      502     3D7F       0
                text20                              4E8      4E8       20        4       0
                text19                              456      456       28        4       0
                text18                              426      426       30        4       0
                text17                              328      328       58        4       0
                text16                              226      226       94        4       0
                text15                               60       60      1C6        4       0
                text14                              584      584        2        4       0
                text13                              380      380       3C        4       0
                text11                              3F6      3F6       30        4       0
                text10                              524      524       1C        4       0
                text9                               580      580        4        4       0
                text8                               508      508       1C        4       0
                text7                               4A2      4A2       24        4       0
                text6                               556      556       12        4       0
                text5                               540      540       16        4       0
                text4                               568      568        E        4       0
                text3                               576      576        A        4       0
                text2                               47E      47E       24        4       0
                text1                               4C6      4C6       22        4       0
                text0                               2BA      2BA       6E        4       0
                cstackCOMRAM                         20       20       15        1       1
                bssBIGRAM                           1F5      1F5      40B      1F5       1
                bssBANK1                            100      100       F5      100       1
                bssCOMRAM                             1        1       1F        1       1
                cinit                               3BC      3BC       3A        4       0

TOTAL           Name                               Link     Load   Length     Space
        CLASS   CODE           
                intcode                               8        8       54         0
                init                                 5C       5C        4         0
                reset_vec                             0        0        4         0
                text20                              4E8      4E8       20         0
                text19                              456      456       28         0
                text18                              426      426       30         0
                text17                              328      328       58         0
                text16                              226      226       94         0
                text15                               60       60      1C6         0
                text14                              584      584        2         0
                text13                              380      380       3C         0
                text11                              3F6      3F6       30         0
                text10                              524      524       1C         0
                text9                               580      580        4         0
                text8                               508      508       1C         0
                text7                               4A2      4A2       24         0
                text6                               556      556       12         0
                text5                               540      540       16         0
                text4                               568      568        E         0
                text3                               576      576        A         0
                text2                               47E      47E       24         0
                text1                               4C6      4C6       22         0
                text0                               2BA      2BA       6E         0
                cinit                               3BC      3BC       3A         0

        CLASS   CONST          

        CLASS   SMALLCONST     

        CLASS   MEDIUMCONST    
                mediumconst                        7AFE     7AFE      502         0

        CLASS   COMRAM         
                temp                                 35       35        1         1
                cstackCOMRAM                         20       20       15         1
                bssCOMRAM                             1        1       1F         1

        CLASS   ABS1           

        CLASS   BIGRAM         
                bssBIGRAM                           1F5      1F5      40B         1

        CLASS   RAM            

        CLASS   BANK0          

        CLASS   BANK1          
                bssBANK1                            100      100       F5         1

        CLASS   BANK2          

        CLASS   BANK3          

        CLASS   BANK4          

        CLASS   BANK5          

        CLASS   SFR            

        CLASS   BIGSFR         

        CLASS   CONFIG         
                config                           300000   300000        E         4

        CLASS   IDLOC          

        CLASS   EEDATA         

        CLASS   FARRAM         

        CLASS   HEAP           

        CLASS   STACK          



SEGMENTS        Name                           Load    Length   Top    Selector   Space  Class

                reset_vec                      000000  000004  000004         0       0  CODE    
                bssCOMRAM                      000001  000035  000036         1       1  COMRAM  
                intcode                        000008  00057E  000586         4       0  CODE    
                bssBANK1                       000100  0000F5  0001F5       100       1  BANK1   
                bssBIGRAM                      0001F5  00040B  000600       1F5       1  BIGRAM  
                mediumconst                    007AFE  000502  008000      3D7F       0  MEDIUMCO


UNUSED ADDRESS RANGES

        Name                Unused          Largest block    Delta
        BANK0            000060-0000FF               A0
        BIGRAM           000036-0000FF               CA
        BIGSFR           000F38-000FFF               C8
        CODE             000004-000007                4
                         000586-007AFD             7578
        COMRAM           000036-00005F               2A
        CONST            000004-000007                4
                         000586-007AFD             7578
        EEDATA           F00000-F000FF              100
        IDLOC            200000-200007                8
        MEDIUMCONST      000600-007AFD             74FE
        RAM              000060-0000FF               A0
        SFR              000F38-000FFF               28
        SMALLCONST       000600-007AFD              100

                                  Symbol Table

?_TMR3_ReadTimer                          cstackCOMRAM 000020
EPWM2_LoadDutyValue@dutyValue             cstackCOMRAM 000031
TMR3_ReadTimer@readVal                    cstackCOMRAM 000024
TMR3_ReadTimer@readValHigh                cstackCOMRAM 000026
TMR3_ReadTimer@readValLow                 cstackCOMRAM 000027
TMR3_SetInterruptHandler@InterruptHandler cstackCOMRAM 000031
TMR3_WriteTimer@timerVal                  cstackCOMRAM 000028
_ANSELA                                   (abs)        000F38
_ANSELB                                   (abs)        000F39
_ANSELC                                   (abs)        000F3A
_CCP2CON                                  (abs)        000F66
_CCPR2H                                   (abs)        000F68
_CCPR2L                                   (abs)        000F67
_CCPTMRS0bits                             (abs)        000F49
_Display                                  bssBIGRAM    0001F5
_ECCP2AS                                  (abs)        000F64
_EPWM2_Initialize                         text10       000524
_EPWM2_LoadDutyValue                      text11       0003F6
_Font                                     bssCOMRAM    000001
_INTCON2bits                              (abs)        000FF1
_INTCONbits                               (abs)        000FF2
_INTERRUPT_Initialize                     text9        000580
_INTERRUPT_InterruptManager               intcode      000008
_Image                                    bssCOMRAM    00000A
_LATA                                     (abs)        000F89
_LATAbits                                 (abs)        000F89
_LATB                                     (abs)        000F8A
_LATC                                     (abs)        000F8B
_LATCbits                                 (abs)        000F8B
_OSCCON                                   (abs)        000FD3
_OSCCON2                                  (abs)        000FD2
_OSCILLATOR_Initialize                    text8        000508
_OSCTUNE                                  (abs)        000F9B
_Oled_InterruptHandler                    bssCOMRAM    000018
_PIE2bits                                 (abs)        000FA0
_PIN_MANAGER_Initialize                   text7        0004A2
_PIR1bits                                 (abs)        000F9E
_PIR2bits                                 (abs)        000FA1
_PLLRDY                                   (abs)        007E97
_PORTAbits                                (abs)        000F80
_PORTCbits                                (abs)        000F82
_PR2                                      (abs)        000FBB
_PSTR2CON                                 (abs)        000F63
_PWM2CON                                  (abs)        000F65
_RCONbits                                 (abs)        000FD0
_SPI1_Initialize                          text6        000556
_SSP1ADD                                  (abs)        000FC8
_SSP1BUF                                  (abs)        000FC9
_SSP1CON1                                 (abs)        000FC6
_SSP1CON1bits                             (abs)        000FC6
_SSP1CON2                                 (abs)        000FC5
_SSP1STAT                                 (abs)        000FC7
_SYSTEM_Initialize                        text1        0004C6
_T1CON                                    (abs)        000FCD
_T1CONbits                                (abs)        000FCD
_T1GCON                                   (abs)        000FCC
_T1GCONbits                               (abs)        000FCC
_T2CON                                    (abs)        000FBA
_T2CONbits                                (abs)        000FBA
_T3CON                                    (abs)        000FB1
_T3CONbits                                (abs)        000FB1
_T3GCON                                   (abs)        000FB4
_T3GCONbits                               (abs)        000FB4
_TMR1                                     (abs)        000FCE
_TMR1H                                    (abs)        000FCF
_TMR1L                                    (abs)        000FCE
_TMR1_Initialize                          text5        000540
_TMR2                                     (abs)        000FBC
_TMR2_Initialize                          text4        000568
_TMR3                                     (abs)        000FB2
_TMR3H                                    (abs)        000FB3
_TMR3L                                    (abs)        000FB2
_TMR3_DefaultInterruptHandler             text14       000584
_TMR3_ISR                                 text13       000380
_TMR3_Initialize                          text2        00047E
_TMR3_InterruptHandler                    bssCOMRAM    00000E
_TMR3_ReadTimer                           text20       0004E8
_TMR3_SetInterruptHandler                 text3        000576
_TMR3_WriteTimer                          text19       000456
_TRISA                                    (abs)        000F92
_TRISB                                    (abs)        000F93
_TRISC                                    (abs)        000F94
_TRISCbits                                (abs)        000F94
_Terminal6x9                              mediumconst  007B03
_TimerMs1                                 bssCOMRAM    000016
_WPUB                                     (abs)        000F61
__HRAM                                    (abs)        000000
__H__absolute__                           __absolute__ 000000
__Habs1                                   abs1         000000
__Hbank0                                  bank0        000000
__Hbank1                                  bank1        000000
__Hbank2                                  bank2        000000
__Hbank3                                  bank3        000000
__Hbank4                                  bank4        000000
__Hbank5                                  bank5        000000
__Hbigbss                                 bigbss       000000
__Hbigdata                                bigdata      000000
__Hbigram                                 bigram       000000
__Hbigsfr                                 bigsfr       000000
__Hbss                                    bss          000000
__HbssBANK1                               bssBANK1     000000
__HbssBIGRAM                              bssBIGRAM    000000
__HbssCOMRAM                              bssCOMRAM    000000
__Hcinit                                  cinit        000000
__Hclrtext                                clrtext      000000
__Hcomram                                 comram       000000
__Hconfig                                 config       30000E
__Hconst                                  const        000000
__HcstackCOMRAM                           cstackCOMRAM 000000
__Hdata                                   data         000000
__Heeprom_data                            eeprom_data  000000
__Hfarbss                                 farbss       000000
__Hfardata                                fardata      000000
__Hheap                                   heap         000000
__Hibigdata                               ibigdata     000000
__Hidata                                  idata        000000
__Hidloc                                  idloc        000000
__Hifardata                               ifardata     000000
__Hinit                                   init         000060
__Hintcode                                intcode      00005C
__Hintcode_body                           intcode_body 000000
__Hintcodelo                              intcodelo    00005C
__Hintentry                               intentry     000000
__Hintret                                 intret       000000
__Hintsave_regs                           intsave_regs 000000
__Hirdata                                 irdata       000000
__Hmediumconst                            mediumconst  008000
__HnvFARRAM                               nvFARRAM     000000
__Hnvbit                                  nvbit        000000
__Hnvrram                                 nvrram       000000
__Hparam                                  rparam       000000
__Hpowerup                                powerup      00005C
__Hram                                    ram          000000
__Hramtop                                 ramtop       000600
__Hrbit                                   rbit         000000
__Hrbss                                   rbss         000000
__Hrdata                                  rdata        000000
__Hreset_vec                              reset_vec    000004
__Hrparam                                 rparam       000000
__Hsfr                                    sfr          000000
__Hsivt_hi                                sivt_hi      000000
__Hsivt_lo                                sivt_lo      000000
__Hsmallconst                             smallconst   000000
__Hspace_0                                (abs)        008000
__Hspace_1                                (abs)        000600
__Hspace_2                                (abs)        000000
__Hspace_4                                (abs)        60000E
__Hstack                                  stack        000000
__Hstruct                                 struct       000000
__Htemp                                   temp         000036
__Htext                                   text         000000
__Htext0                                  text0        000000
__Htext1                                  text1        000000
__Htext10                                 text10       000000
__Htext11                                 text11       000000
__Htext13                                 text13       000000
__Htext14                                 text14       000000
__Htext15                                 text15       000000
__Htext16                                 text16       000000
__Htext17                                 text17       000000
__Htext18                                 text18       000000
__Htext19                                 text19       000000
__Htext2                                  text2        000000
__Htext20                                 text20       000000
__Htext3                                  text3        000000
__Htext4                                  text4        000000
__Htext5                                  text5        000000
__Htext6                                  text6        000000
__Htext7                                  text7        000000
__Htext8                                  text8        000000
__Htext9                                  text9        000000
__LRAM                                    (abs)        000001
__L__absolute__                           __absolute__ 000000
__Labs1                                   abs1         000000
__Lbank0                                  bank0        000000
__Lbank1                                  bank1        000000
__Lbank2                                  bank2        000000
__Lbank3                                  bank3        000000
__Lbank4                                  bank4        000000
__Lbank5                                  bank5        000000
__Lbigbss                                 bigbss       000000
__Lbigdata                                bigdata      000000
__Lbigram                                 bigram       000000
__Lbigsfr                                 bigsfr       000000
__Lbss                                    bss          000000
__LbssBANK1                               bssBANK1     000000
__LbssBIGRAM                              bssBIGRAM    000000
__LbssCOMRAM                              bssCOMRAM    000000
__Lcinit                                  cinit        000000
__Lclrtext                                clrtext      000000
__Lcomram                                 comram       000000
__Lconfig                                 config       000000
__Lconst                                  const        000000
__LcstackCOMRAM                           cstackCOMRAM 000000
__Ldata                                   data         000000
__Leeprom_data                            eeprom_data  000000
__Lfarbss                                 farbss       000000
__Lfardata                                fardata      000000
__Lheap                                   heap         000000
__Libigdata                               ibigdata     000000
__Lidata                                  idata        000000
__Lidloc                                  idloc        000000
__Lifardata                               ifardata     000000
__Linit                                   init         00005C
__Lintcode                                intcode      000008
__Lintcode_body                           intcode_body 000000
__Lintcodelo                              intcodelo    00005C
__Lintentry                               intentry     000000
__Lintret                                 intret       000000
__Lintsave_regs                           intsave_regs 000000
__Lirdata                                 irdata       000000
__Lmediumconst                            mediumconst  007AFE
__LnvFARRAM                               nvFARRAM     000000
__Lnvbit                                  nvbit        000000
__Lnvrram                                 nvrram       000000
__Lparam                                  rparam       000000
__Lpowerup                                powerup      00005C
__Lram                                    ram          000000
__Lramtop                                 ramtop       000600
__Lrbit                                   rbit         000000
__Lrbss                                   rbss         000000
__Lrdata                                  rdata        000000
__Lreset_vec                              reset_vec    000000
__Lrparam                                 rparam       000000
__Lsfr                                    sfr          000000
__Lsivt_hi                                sivt_hi      000000
__Lsivt_lo                                sivt_lo      000000
__Lsmallconst                             smallconst   000000
__Lspace_0                                (abs)        000000
__Lspace_1                                (abs)        000000
__Lspace_2                                (abs)        000000
__Lspace_4                                (abs)        000000
__Lstack                                  stack        000000
__Lstruct                                 struct       000000
__Ltemp                                   temp         000035
__Ltext                                   text         000000
__Ltext0                                  text0        000000
__Ltext1                                  text1        000000
__Ltext10                                 text10       000000
__Ltext11                                 text11       000000
__Ltext13                                 text13       000000
__Ltext14                                 text14       000000
__Ltext15                                 text15       000000
__Ltext16                                 text16       000000
__Ltext17                                 text17       000000
__Ltext18                                 text18       000000
__Ltext19                                 text19       000000
__Ltext2                                  text2        000000
__Ltext20                                 text20       000000
__Ltext3                                  text3        000000
__Ltext4                                  text4        000000
__Ltext5                                  text5        000000
__Ltext6                                  text6        000000
__Ltext7                                  text7        000000
__Ltext8                                  text8        000000
__Ltext9                                  text9        000000
__S0                                      (abs)        008000
__S1                                      (abs)        000600
__S4                                      (abs)        000000
__S5                                      (abs)        000000
___heap_hi                                (abs)        000000
___heap_lo                                (abs)        000000
___inthi_sp                               stack        000000
___inthi_stack_hi                         stack        000000
___inthi_stack_lo                         stack        000000
___intlo_sp                               stack        000000
___intlo_stack_hi                         stack        000000
___intlo_stack_lo                         stack        000000
___param_bank                             (abs)        000000
___rparam_used                            (abs)        000001
___sp                                     stack        000000
___stack_hi                               stack        000000
___stack_lo                               stack        000000
__accesstop                               (abs)        000060
__activetblptr                            (abs)        000002
__end_of_EPWM2_Initialize                 text10       000540
__end_of_EPWM2_LoadDutyValue              text11       000426
__end_of_INTERRUPT_Initialize             text9        000584
__end_of_INTERRUPT_InterruptManager       intcode      00005C
__end_of_OSCILLATOR_Initialize            text8        000524
__end_of_PIN_MANAGER_Initialize           text7        0004C6
__end_of_SPI1_Initialize                  text6        000568
__end_of_SYSTEM_Initialize                text1        0004E8
__end_of_TMR1_Initialize                  text5        000556
__end_of_TMR2_Initialize                  text4        000576
__end_of_TMR3_DefaultInterruptHandler     text14       000586
__end_of_TMR3_ISR                         text13       0003BC
__end_of_TMR3_Initialize                  text2        0004A2
__end_of_TMR3_ReadTimer                   text20       000508
__end_of_TMR3_SetInterruptHandler         text3        000580
__end_of_TMR3_WriteTimer                  text19       00047E
__end_of_Terminal6x9                      mediumconst  007FEB
__end_of__initialization                  cinit        0003E8
__end_of_main                             text0        000328
__end_of_myTMR3ISR                        text15       000226
__end_of_sendSample                       text17       000380
__end_of_setSample                        text16       0002BA
__end_of_spi1_configuration               mediumconst  007B03
__end_ofi2_EPWM2_LoadDutyValue            text18       000456
__initialization                          cinit        0003BC
__mediumconst                             mediumconst  007AFE
__pbssBANK1                               bssBANK1     000100
__pbssBIGRAM                              bssBIGRAM    0001F5
__pbssCOMRAM                              bssCOMRAM    000001
__pcinit                                  cinit        0003BC
__pcstackCOMRAM                           cstackCOMRAM 000020
__pintcode                                intcode      000008
__pmediumconst                            mediumconst  007AFE
__ptext0                                  text0        0002BA
__ptext1                                  text1        0004C6
__ptext10                                 text10       000524
__ptext11                                 text11       0003F6
__ptext13                                 text13       000380
__ptext14                                 text14       000584
__ptext15                                 text15       000060
__ptext16                                 text16       000226
__ptext17                                 text17       000328
__ptext18                                 text18       000426
__ptext19                                 text19       000456
__ptext2                                  text2        00047E
__ptext20                                 text20       0004E8
__ptext3                                  text3        000576
__ptext4                                  text4        000568
__ptext5                                  text5        000540
__ptext6                                  text6        000556
__ptext7                                  text7        0004A2
__ptext8                                  text8        000508
__ptext9                                  text9        000580
__ramtop                                  ramtop       000600
__smallconst                              smallconst   000000
_bufferReady                              bssCOMRAM    00001D
_capture                                  bssCOMRAM    00001F
_main                                     text0        0002BA
_myTMR3ISR                                text15       000060
_recieve_buffer                           bssBANK1     000100
_sendSample                               text17       000328
_setSample                                text16       000226
_spi1_configuration                       mediumconst  007AFF
_timer1ReloadVal                          bssCOMRAM    000012
_timer3ReloadVal                          bssCOMRAM    000010
_transmit                                 bssCOMRAM    00001E
btemp                                     temp         000035
end_of_initialization                     cinit        0003E8
i2EPWM2_LoadDutyValue@dutyValue           cstackCOMRAM 000020
i2_EPWM2_LoadDutyValue                    text18       000426
int$flags                                 temp         000035
intlevel0                                 text         000000
intlevel1                                 text         000000
intlevel2                                 text         000000
intlevel3                                 text         000000
isa$std                                   (abs)        000001
isa$xinst                                 (abs)        000000
myTMR3ISR@bitIndex                        bssCOMRAM    00001B
myTMR3ISR@byteIndex                       bssCOMRAM    00001A
myTMR3ISR@sampleIndex                     bssCOMRAM    000014
myTMR3ISR@tmr3ISRstate                    bssCOMRAM    00001C
sendSample@bitValue                       cstackCOMRAM 00002A
sendSample@currentBit                     cstackCOMRAM 000027
sendSample@currentByte                    cstackCOMRAM 000026
sendSample@recieveBuffer                  cstackCOMRAM 000024
setSample@bitIndex                        cstackCOMRAM 000028
setSample@byteIndex                       cstackCOMRAM 000026
setSample@index                           cstackCOMRAM 000020
setSample@value                           cstackCOMRAM 000022
stackhi                                   (abs)        000000
stacklo                                   (abs)        000000
start                                     init         00005C
start_initialization                      cinit        0003BC
ttemp5                                    temp         000036
ttemp6                                    temp         000039
ttemp7                                    temp         00003D
wtemp8                                    temp         000036


MODULE INFORMATION

Module		Function		Class		Link	Load	Size
mcc_generated_files/tmr2.c
		_TMR2_Initialize		CODE           	0568	0000	14

mcc_generated_files/tmr2.c estimated size: 14

mcc_generated_files/interrupt_manager.c
		_INTERRUPT_Initialize		CODE           	0580	0000	4
		_INTERRUPT_InterruptManager		CODE           	0008	0000	84

mcc_generated_files/interrupt_manager.c estimated size: 88

mcc_generated_files/epwm2.c
		_EPWM2_LoadDutyValue		CODE           	03F6	0000	48
		_EPWM2_Initialize		CODE           	0524	0000	28

mcc_generated_files/epwm2.c estimated size: 76

mcc_generated_files/pin_manager.c
		_PIN_MANAGER_Initialize		CODE           	04A2	0000	36

mcc_generated_files/pin_manager.c estimated size: 36

mcc_generated_files/spi1.c
		_SPI1_Initialize		CODE           	0556	0000	18

mcc_generated_files/spi1.c estimated size: 18

shared
		_Terminal6x9   		MEDIUMCONST    	7B03	0000	1256
		__initialization		CODE           	03BC	0000	44
		i2_EPWM2_LoadDutyValue		CODE           	0426	0000	48
		_spi1_configuration		MEDIUMCONST    	7AFF	0000	4

shared estimated size: 1352

mcc_generated_files/mcc.c
		_OSCILLATOR_Initialize		CODE           	0508	0000	28
		_SYSTEM_Initialize		CODE           	04C6	0000	34

mcc_generated_files/mcc.c estimated size: 62

mcc_generated_files/tmr3.c
		_TMR3_ISR      		CODE           	0380	0000	60
		_TMR3_Initialize		CODE           	047E	0000	36
		_TMR3_SetInterruptHandler		CODE           	0576	0000	10
		_TMR3_DefaultInterruptHandler		CODE           	0584	0000	2
		_TMR3_WriteTimer		CODE           	0456	0000	40
		_TMR3_ReadTimer		CODE           	04E8	0000	32

mcc_generated_files/tmr3.c estimated size: 180

mcc_generated_files/tmr1.c
		_TMR1_Initialize		CODE           	0540	0000	22

mcc_generated_files/tmr1.c estimated size: 22

main.c
		_main          		CODE           	02BA	0000	110
		_sendSample    		CODE           	0328	0000	88
		_setSample     		CODE           	0226	0000	148
		_myTMR3ISR     		CODE           	0060	0000	454

main.c estimated size: 800

