Microchip MPLAB XC8 Compiler V2.50

Linker command line:

-W-3 \
  --edf=C:\Program Files\Microchip\xc8\v2.50\pic\dat\20240725155939_en.msgs \
  -cn -h+dist/default/production\oled_test.X.production.sym \
  --cmf=dist/default/production\oled_test.X.production.cmf -z -Q18F25K22 \
  -oC:\Users\blane\AppData\Local\Temp\xcAsuvg.\driver_tmp_3.o \
  --defsym=__MPLAB_BUILD=1 --fixupoverflow=error \
  -Mdist/default/production/oled_test.X.production.map \
  --md=C:\Users\blane\AppData\Local\Temp\xcAsuvg.\driver_tmp_0.dat -E1 \
  -ver=XC8 Compiler --acfsm=1493 -ACODE=00h-07FFFh -ACONST=00h-07FFFh \
  -ASMALLCONST=0600h-06FFhx122 -AMEDIUMCONST=0600h-07FFFh -ACOMRAM=01h-05Fh \
  -AABS1=00h-05FFh -ABIGRAM=01h-05FFh -ARAM=060h-0FFh,0100h-01FFhx5 \
  -ABANK0=060h-0FFh -ABANK1=0100h-01FFh -ABANK2=0200h-02FFh \
  -ABANK3=0300h-03FFh -ABANK4=0400h-04FFh -ABANK5=0500h-05FFh \
  -ASFR=0F38h-0F5Fh,0F60h-0FFFh -ABIGSFR=0F38h-0FFFh \
  -ACONFIG=0300000h-030000Dh -AIDLOC=0200000h-0200007h \
  -AEEDATA=0F00000h-0F000FFh -peeprom_data=EEDATA \
  -preset_vec=00h,intcode=8h,intcodelo,powerup,init -pramtop=0600h \
  -psmallconst=SMALLCONST -pmediumconst=MEDIUMCONST -pconst=CONST \
  -AFARRAM=00h-00h \
  -prdata=COMRAM,nvrram=COMRAM,nvbit=COMRAM,rbss=COMRAM,rbit=COMRAM \
  -pfarbss=FARRAM,fardata=FARRAM,nvFARRAM=FARRAM \
  -pintsave_regs=BIGRAM,bigbss=BIGRAM,bigdata=BIGRAM -pbss=RAM \
  -pidata=CODE,irdata=CODE,ibigdata=CODE,ifardata=CODE -prparam=COMRAM \
  C:\Users\blane\AppData\Local\Temp\xcAsuvg.\driver_tmp_9.o \
  dist/default/production\oled_test.X.production.o 

Object code version is 3.11

Machine type is 18F25K22



                Name                               Link     Load   Length Selector   Space Scale
C:\Users\blane\AppData\Local\Temp\xcAsuvg.\driver_tmp_9.o
                config                           300000   300000        E        0       4
                init                                 5C       5C        4        4       0
                reset_vec                             0        0        4        0       0
dist/default/production\oled_test.X.production.o
                intcode                               8        8       54        4       0
                config                           300000   300000        E        0       4
                temp                                 4E       4E        1        1       1
                mediumconst                        73AC     73AC      C54     39D6       0
                text43                             1546     1546       20        4       0
                text42                             14B4     14B4       28        4       0
                text41                             1484     1484       30        4       0
                text40                             10D4     10D4       58        4       0
                text39                              EBA      EBA       94        4       0
                text38                              918      918      1CC        4       0
                text37                             162A     162A        2        4       0
                text36                             12FA     12FA       3E        4       0
                text34                             15BC     15BC       1A        4       0
                text33                             15FE     15FE       10        4       0
                text32                              CE0      CE0       AA        4       0
                text31                             1422     1422       32        4       0
                text30                             13B0     13B0       3A        4       0
                text29                             1374     1374       3C        4       0
                text28                               60       60      382        4       0
                text27                              FE0      FE0       86        4       0
                text26                             1066     1066       6E        4       0
                text25                             13EA     13EA       38        4       0
                text24                             1566     1566       1E        4       0
                text23                             1338     1338       3C        4       0
                text22                             112C     112C       50        4       0
                text21                              3E2      3E2      2BE        4       0
                text20                              C1E      C1E       C2        4       0
                text19                              D8A      D8A       9A        4       0
                text18                              6A0      6A0      278        4       0
                text17                              AE4      AE4      13A        4       0
                text16                              E24      E24       96        4       0
                text15                             1266     1266       4E        4       0
                text14                             1218     1218       4E        4       0
                text13                             11CA     11CA       4E        4       0
                text12                             117C     117C       4E        4       0
                text11                             1454     1454       30        4       0
                text10                             15A0     15A0       1C        4       0
                text9                              1626     1626        4        4       0
                text8                              1584     1584       1C        4       0
                text7                              1500     1500       24        4       0
                text6                              15EC     15EC       12        4       0
                text5                              15D6     15D6       16        4       0
                text4                              160E     160E        E        4       0
                text3                              161C     161C        A        4       0
                text2                              14DC     14DC       24        4       0
                text1                              1524     1524       22        4       0
                text0                               F4E      F4E       92        4       0
                cstackCOMRAM                          1        1       3C        1       1
                cstackBANK0                          60       60       17       60       1
                bssBIGRAM                           1F5      1F5      40B      1F5       1
                bssBANK1                            100      100       F5      100       1
                bssBANK0                             77       77        E       60       1
                bssCOMRAM                            3D       3D       11        1       1
                cinit                              12B4     12B4       46        4       0

TOTAL           Name                               Link     Load   Length     Space
        CLASS   CODE           
                intcode                               8        8       54         0
                init                                 5C       5C        4         0
                reset_vec                             0        0        4         0
                text43                             1546     1546       20         0
                text42                             14B4     14B4       28         0
                text41                             1484     1484       30         0
                text40                             10D4     10D4       58         0
                text39                              EBA      EBA       94         0
                text38                              918      918      1CC         0
                text37                             162A     162A        2         0
                text36                             12FA     12FA       3E         0
                text34                             15BC     15BC       1A         0
                text33                             15FE     15FE       10         0
                text32                              CE0      CE0       AA         0
                text31                             1422     1422       32         0
                text30                             13B0     13B0       3A         0
                text29                             1374     1374       3C         0
                text28                               60       60      382         0
                text27                              FE0      FE0       86         0
                text26                             1066     1066       6E         0
                text25                             13EA     13EA       38         0
                text24                             1566     1566       1E         0
                text23                             1338     1338       3C         0
                text22                             112C     112C       50         0
                text21                              3E2      3E2      2BE         0
                text20                              C1E      C1E       C2         0
                text19                              D8A      D8A       9A         0
                text18                              6A0      6A0      278         0
                text17                              AE4      AE4      13A         0
                text16                              E24      E24       96         0
                text15                             1266     1266       4E         0
                text14                             1218     1218       4E         0
                text13                             11CA     11CA       4E         0
                text12                             117C     117C       4E         0
                text11                             1454     1454       30         0
                text10                             15A0     15A0       1C         0
                text9                              1626     1626        4         0
                text8                              1584     1584       1C         0
                text7                              1500     1500       24         0
                text6                              15EC     15EC       12         0
                text5                              15D6     15D6       16         0
                text4                              160E     160E        E         0
                text3                              161C     161C        A         0
                text2                              14DC     14DC       24         0
                text1                              1524     1524       22         0
                text0                               F4E      F4E       92         0
                cinit                              12B4     12B4       46         0

        CLASS   CONST          

        CLASS   SMALLCONST     

        CLASS   MEDIUMCONST    
                mediumconst                        73AC     73AC      C54         0

        CLASS   COMRAM         
                temp                                 4E       4E        1         1
                cstackCOMRAM                          1        1       3C         1
                bssCOMRAM                            3D       3D       11         1

        CLASS   ABS1           

        CLASS   BIGRAM         
                bssBIGRAM                           1F5      1F5      40B         1

        CLASS   RAM            

        CLASS   BANK0          
                cstackBANK0                          60       60       17         1
                bssBANK0                             77       77        E         1

        CLASS   BANK1          
                bssBANK1                            100      100       F5         1

        CLASS   BANK2          

        CLASS   BANK3          

        CLASS   BANK4          

        CLASS   BANK5          

        CLASS   SFR            

        CLASS   BIGSFR         

        CLASS   CONFIG         
                config                           300000   300000        E         4

        CLASS   IDLOC          

        CLASS   EEDATA         

        CLASS   FARRAM         

        CLASS   HEAP           

        CLASS   STACK          



SEGMENTS        Name                           Load    Length   Top    Selector   Space  Class

                reset_vec                      000000  000004  000004         0       0  CODE    
                cstackCOMRAM                   000001  00004E  00004F         1       1  COMRAM  
                intcode                        000008  001624  00162C         4       0  CODE    
                cstackBANK0                    000060  000025  000085        60       1  BANK0   
                bssBANK1                       000100  0000F5  0001F5       100       1  BANK1   
                bssBIGRAM                      0001F5  00040B  000600       1F5       1  BIGRAM  
                mediumconst                    0073AC  000C54  008000      39D6       0  MEDIUMCO


UNUSED ADDRESS RANGES

        Name                Unused          Largest block    Delta
        BANK0            000085-0000FF               7B
        BIGRAM           00004F-00005F               11
                         000085-0000FF               7B
        BIGSFR           000F38-000FFF               C8
        CODE             000004-000007                4
                         00162C-0073AB             5D80
        COMRAM           00004F-00005F               11
        CONST            000004-000007                4
                         00162C-0073AB             5D80
        EEDATA           F00000-F000FF              100
        IDLOC            200000-200007                8
        MEDIUMCONST      00162C-0073AB             5D80
        RAM              000085-0000FF               7B
        SFR              000F38-000FFF               28
        SMALLCONST       00162C-0073AB              100

                                  Symbol Table

?_Oled_TextWidth                          cstackCOMRAM 000012
?_TMR3_ReadTimer                          cstackCOMRAM 000001
Delay_ms@count_                           cstackCOMRAM 000012
Delay_ms@i                                cstackCOMRAM 000015
EPWM2_LoadDutyValue@dutyValue             cstackCOMRAM 000012
Oled_Command@cmd                          cstackCOMRAM 000013
Oled_FillArea@i                           cstackCOMRAM 000037
Oled_FillArea@j                           cstackCOMRAM 000039
Oled_FillArea@pixel_                      cstackBANK0  000068
Oled_FillArea@x1                          cstackBANK0  000060
Oled_FillArea@x2                          cstackBANK0  000064
Oled_FillArea@y1                          cstackBANK0  000062
Oled_FillArea@y2                          cstackBANK0  000066
Oled_FillScreen@k                         cstackBANK0  000061
Oled_FillScreen@pattern                   cstackBANK0  000060
Oled_Init@frame_memory_                   cstackCOMRAM 00003B
Oled_MemoryAccessControl@frame_memory     cstackCOMRAM 000012
Oled_Pixel@i                              cstackCOMRAM 00001E
Oled_Pixel@pixel_                         cstackCOMRAM 000016
Oled_Pixel@x                              cstackCOMRAM 000012
Oled_Pixel@y                              cstackCOMRAM 000014
Oled_SetFont@letterspacing                cstackCOMRAM 000014
Oled_SetFont@p                            cstackCOMRAM 000012
Oled_SetPointer@pag                       cstackCOMRAM 000016
Oled_SetPointer@seg                       cstackCOMRAM 000014
Oled_TextCenter@i                         cstackBANK0  000073
Oled_TextCenter@j                         cstackBANK0  000075
Oled_TextCenter@p                         cstackBANK0  00006A
Oled_TextCenter@pixel_                    cstackBANK0  000072
Oled_TextCenter@x1                        cstackBANK0  00006C
Oled_TextCenter@x2                        cstackBANK0  000070
Oled_TextCenter@y1                        cstackBANK0  00006E
Oled_TextWidth@i                          cstackCOMRAM 000015
Oled_TextWidth@p                          cstackCOMRAM 000012
Oled_TextWidth@text_width                 cstackCOMRAM 000017
Oled_WriteArea@i                          cstackCOMRAM 000035
Oled_WriteArea@j                          cstackCOMRAM 000033
Oled_WriteArea@pag1                       cstackCOMRAM 000031
Oled_WriteArea@pag2                       cstackCOMRAM 00002F
Oled_WriteArea@x1                         cstackCOMRAM 000025
Oled_WriteArea@x2                         cstackCOMRAM 000029
Oled_WriteArea@y1                         cstackCOMRAM 000027
Oled_WriteArea@y2                         cstackCOMRAM 00002B
Oled_WriteChar@c                          cstackBANK0  000063
Oled_WriteChar@i                          cstackBANK0  000068
Oled_WriteChar@j                          cstackBANK0  000066
Oled_WriteChar@k                          cstackBANK0  000064
Oled_WriteChar@x                          cstackCOMRAM 000037
Oled_WriteChar@y                          cstackCOMRAM 000039
Oled_WritePage@i                          cstackCOMRAM 000023
Oled_WritePage@p                          cstackCOMRAM 00001B
Oled_WritePage@pag                        cstackCOMRAM 000021
Oled_WritePage@seg1                       cstackCOMRAM 00001D
Oled_WritePage@seg2                       cstackCOMRAM 00001F
SPI1_ExchangeByte@data                    cstackCOMRAM 000012
SPI1_Open@spi1UniqueConfiguration         cstackCOMRAM 000013
SPI1_WriteBlock@block                     cstackCOMRAM 000013
SPI1_WriteBlock@blockSize                 cstackCOMRAM 000015
SPI1_WriteBlock@data                      cstackCOMRAM 000017
TMR3_ReadTimer@readVal                    cstackCOMRAM 000005
TMR3_ReadTimer@readValHigh                cstackCOMRAM 000007
TMR3_ReadTimer@readValLow                 cstackCOMRAM 000008
TMR3_SetInterruptHandler@InterruptHandler cstackCOMRAM 000012
TMR3_WriteTimer@timerVal                  cstackCOMRAM 000009
_ANSELA                                   (abs)        000F38
_ANSELB                                   (abs)        000F39
_ANSELC                                   (abs)        000F3A
_CCP2CON                                  (abs)        000F66
_CCPR2H                                   (abs)        000F68
_CCPR2L                                   (abs)        000F67
_CCPTMRS0bits                             (abs)        000F49
_Delay_ms                                 text25       0013EA
_DispNothing                              text15       001266
_DispReady                                text14       001218
_DispReceive                              text13       0011CA
_DispTransmitting                         text12       00117C
_Display                                  bssBIGRAM    0001F5
_ECCP2AS                                  (abs)        000F64
_EPWM2_Initialize                         text10       0015A0
_EPWM2_LoadDutyValue                      text11       001454
_Font                                     bssCOMRAM    00003D
_INTCON2bits                              (abs)        000FF1
_INTCONbits                               (abs)        000FF2
_INTERRUPT_Initialize                     text9        001626
_INTERRUPT_InterruptManager               intcode      000008
_Image                                    bssBANK0     000077
_LATA                                     (abs)        000F89
_LATAbits                                 (abs)        000F89
_LATB                                     (abs)        000F8A
_LATC                                     (abs)        000F8B
_LATCbits                                 (abs)        000F8B
_OSCCON                                   (abs)        000FD3
_OSCCON2                                  (abs)        000FD2
_OSCILLATOR_Initialize                    text8        001584
_OSCTUNE                                  (abs)        000F9B
_Oled_Command                             text33       0015FE
_Oled_Driver                              text32       000CE0
_Oled_FillArea                            text20       000C1E
_Oled_FillScreen                          text27       000FE0
_Oled_Init                                text23       001338
_Oled_InterruptHandler                    bssBANK0     000083
_Oled_MemoryAccessControl                 text26       001066
_Oled_Pixel                               text21       0003E2
_Oled_Reset                               text24       001566
_Oled_SetFont                             text22       00112C
_Oled_SetPointer                          text31       001422
_Oled_TextCenter                          text17       000AE4
_Oled_TextWidth                           text19       000D8A
_Oled_WriteArea                           text28       000060
_Oled_WriteChar                           text18       0006A0
_Oled_WritePage                           text29       001374
_PIE2bits                                 (abs)        000FA0
_PIN_MANAGER_Initialize                   text7        001500
_PIR1bits                                 (abs)        000F9E
_PIR2bits                                 (abs)        000FA1
_PLLRDY                                   (abs)        007E97
_PORTAbits                                (abs)        000F80
_PORTCbits                                (abs)        000F82
_PR2                                      (abs)        000FBB
_PSTR2CON                                 (abs)        000F63
_PWM2CON                                  (abs)        000F65
_RCONbits                                 (abs)        000FD0
_SPI1_ExchangeByte                        text34       0015BC
_SPI1_Initialize                          text6        0015EC
_SPI1_Open                                text16       000E24
_SPI1_WriteBlock                          text30       0013B0
_SSP1ADD                                  (abs)        000FC8
_SSP1BUF                                  (abs)        000FC9
_SSP1CON1                                 (abs)        000FC6
_SSP1CON1bits                             (abs)        000FC6
_SSP1CON2                                 (abs)        000FC5
_SSP1STAT                                 (abs)        000FC7
_SYSTEM_Initialize                        text1        001524
_T1CON                                    (abs)        000FCD
_T1CONbits                                (abs)        000FCD
_T1GCON                                   (abs)        000FCC
_T1GCONbits                               (abs)        000FCC
_T2CON                                    (abs)        000FBA
_T2CONbits                                (abs)        000FBA
_T3CON                                    (abs)        000FB1
_T3CONbits                                (abs)        000FB1
_T3GCON                                   (abs)        000FB4
_T3GCONbits                               (abs)        000FB4
_TMR1                                     (abs)        000FCE
_TMR1H                                    (abs)        000FCF
_TMR1L                                    (abs)        000FCE
_TMR1_Initialize                          text5        0015D6
_TMR2                                     (abs)        000FBC
_TMR2_Initialize                          text4        00160E
_TMR3                                     (abs)        000FB2
_TMR3H                                    (abs)        000FB3
_TMR3L                                    (abs)        000FB2
_TMR3_DefaultInterruptHandler             text37       00162A
_TMR3_ISR                                 text36       0012FA
_TMR3_Initialize                          text2        0014DC
_TMR3_InterruptHandler                    bssBANK0     00007B
_TMR3_ReadTimer                           text43       001546
_TMR3_SetInterruptHandler                 text3        00161C
_TMR3_WriteTimer                          text42       0014B4
_TRISA                                    (abs)        000F92
_TRISB                                    (abs)        000F93
_TRISC                                    (abs)        000F94
_TRISCbits                                (abs)        000F94
_Terminal11x16                            mediumconst  0073B1
_TimerMs1                                 bssBANK0     000081
_WPUB                                     (abs)        000F61
__HRAM                                    (abs)        000000
__H__absolute__                           __absolute__ 000000
__Habs1                                   abs1         000000
__Hbank0                                  bank0        000000
__Hbank1                                  bank1        000000
__Hbank2                                  bank2        000000
__Hbank3                                  bank3        000000
__Hbank4                                  bank4        000000
__Hbank5                                  bank5        000000
__Hbigbss                                 bigbss       000000
__Hbigdata                                bigdata      000000
__Hbigram                                 bigram       000000
__Hbigsfr                                 bigsfr       000000
__Hbss                                    bss          000000
__HbssBANK0                               bssBANK0     000000
__HbssBANK1                               bssBANK1     000000
__HbssBIGRAM                              bssBIGRAM    000000
__HbssCOMRAM                              bssCOMRAM    000000
__Hcinit                                  cinit        000000
__Hclrtext                                clrtext      000000
__Hcomram                                 comram       000000
__Hconfig                                 config       30000E
__Hconst                                  const        000000
__HcstackBANK0                            cstackBANK0  000000
__HcstackCOMRAM                           cstackCOMRAM 000000
__Hdata                                   data         000000
__Heeprom_data                            eeprom_data  000000
__Hfarbss                                 farbss       000000
__Hfardata                                fardata      000000
__Hheap                                   heap         000000
__Hibigdata                               ibigdata     000000
__Hidata                                  idata        000000
__Hidloc                                  idloc        000000
__Hifardata                               ifardata     000000
__Hinit                                   init         000060
__Hintcode                                intcode      00005C
__Hintcode_body                           intcode_body 000000
__Hintcodelo                              intcodelo    00005C
__Hintentry                               intentry     000000
__Hintret                                 intret       000000
__Hintsave_regs                           intsave_regs 000000
__Hirdata                                 irdata       000000
__Hmediumconst                            mediumconst  008000
__HnvFARRAM                               nvFARRAM     000000
__Hnvbit                                  nvbit        000000
__Hnvrram                                 nvrram       000000
__Hparam                                  rparam       000000
__Hpowerup                                powerup      00005C
__Hram                                    ram          000000
__Hramtop                                 ramtop       000600
__Hrbit                                   rbit         000000
__Hrbss                                   rbss         000000
__Hrdata                                  rdata        000000
__Hreset_vec                              reset_vec    000004
__Hrparam                                 rparam       000000
__Hsfr                                    sfr          000000
__Hsivt_hi                                sivt_hi      000000
__Hsivt_lo                                sivt_lo      000000
__Hsmallconst                             smallconst   000000
__Hspace_0                                (abs)        008000
__Hspace_1                                (abs)        000600
__Hspace_2                                (abs)        000000
__Hspace_4                                (abs)        60000E
__Hstack                                  stack        000000
__Hstruct                                 struct       000000
__Htemp                                   temp         00004F
__Htext                                   text         000000
__Htext0                                  text0        000000
__Htext1                                  text1        000000
__Htext10                                 text10       000000
__Htext11                                 text11       000000
__Htext12                                 text12       000000
__Htext13                                 text13       000000
__Htext14                                 text14       000000
__Htext15                                 text15       000000
__Htext16                                 text16       000000
__Htext17                                 text17       000000
__Htext18                                 text18       000000
__Htext19                                 text19       000000
__Htext2                                  text2        000000
__Htext20                                 text20       000000
__Htext21                                 text21       000000
__Htext22                                 text22       000000
__Htext23                                 text23       000000
__Htext24                                 text24       000000
__Htext25                                 text25       000000
__Htext26                                 text26       000000
__Htext27                                 text27       000000
__Htext28                                 text28       000000
__Htext29                                 text29       000000
__Htext3                                  text3        000000
__Htext30                                 text30       000000
__Htext31                                 text31       000000
__Htext32                                 text32       000000
__Htext33                                 text33       000000
__Htext34                                 text34       000000
__Htext36                                 text36       000000
__Htext37                                 text37       000000
__Htext38                                 text38       000000
__Htext39                                 text39       000000
__Htext4                                  text4        000000
__Htext40                                 text40       000000
__Htext41                                 text41       000000
__Htext42                                 text42       000000
__Htext43                                 text43       000000
__Htext5                                  text5        000000
__Htext6                                  text6        000000
__Htext7                                  text7        000000
__Htext8                                  text8        000000
__Htext9                                  text9        000000
__LRAM                                    (abs)        000001
__L__absolute__                           __absolute__ 000000
__Labs1                                   abs1         000000
__Lbank0                                  bank0        000000
__Lbank1                                  bank1        000000
__Lbank2                                  bank2        000000
__Lbank3                                  bank3        000000
__Lbank4                                  bank4        000000
__Lbank5                                  bank5        000000
__Lbigbss                                 bigbss       000000
__Lbigdata                                bigdata      000000
__Lbigram                                 bigram       000000
__Lbigsfr                                 bigsfr       000000
__Lbss                                    bss          000000
__LbssBANK0                               bssBANK0     000000
__LbssBANK1                               bssBANK1     000000
__LbssBIGRAM                              bssBIGRAM    000000
__LbssCOMRAM                              bssCOMRAM    000000
__Lcinit                                  cinit        000000
__Lclrtext                                clrtext      000000
__Lcomram                                 comram       000000
__Lconfig                                 config       000000
__Lconst                                  const        000000
__LcstackBANK0                            cstackBANK0  000000
__LcstackCOMRAM                           cstackCOMRAM 000000
__Ldata                                   data         000000
__Leeprom_data                            eeprom_data  000000
__Lfarbss                                 farbss       000000
__Lfardata                                fardata      000000
__Lheap                                   heap         000000
__Libigdata                               ibigdata     000000
__Lidata                                  idata        000000
__Lidloc                                  idloc        000000
__Lifardata                               ifardata     000000
__Linit                                   init         00005C
__Lintcode                                intcode      000008
__Lintcode_body                           intcode_body 000000
__Lintcodelo                              intcodelo    00005C
__Lintentry                               intentry     000000
__Lintret                                 intret       000000
__Lintsave_regs                           intsave_regs 000000
__Lirdata                                 irdata       000000
__Lmediumconst                            mediumconst  0073AC
__LnvFARRAM                               nvFARRAM     000000
__Lnvbit                                  nvbit        000000
__Lnvrram                                 nvrram       000000
__Lparam                                  rparam       000000
__Lpowerup                                powerup      00005C
__Lram                                    ram          000000
__Lramtop                                 ramtop       000600
__Lrbit                                   rbit         000000
__Lrbss                                   rbss         000000
__Lrdata                                  rdata        000000
__Lreset_vec                              reset_vec    000000
__Lrparam                                 rparam       000000
__Lsfr                                    sfr          000000
__Lsivt_hi                                sivt_hi      000000
__Lsivt_lo                                sivt_lo      000000
__Lsmallconst                             smallconst   000000
__Lspace_0                                (abs)        000000
__Lspace_1                                (abs)        000000
__Lspace_2                                (abs)        000000
__Lspace_4                                (abs)        000000
__Lstack                                  stack        000000
__Lstruct                                 struct       000000
__Ltemp                                   temp         00004E
__Ltext                                   text         000000
__Ltext0                                  text0        000000
__Ltext1                                  text1        000000
__Ltext10                                 text10       000000
__Ltext11                                 text11       000000
__Ltext12                                 text12       000000
__Ltext13                                 text13       000000
__Ltext14                                 text14       000000
__Ltext15                                 text15       000000
__Ltext16                                 text16       000000
__Ltext17                                 text17       000000
__Ltext18                                 text18       000000
__Ltext19                                 text19       000000
__Ltext2                                  text2        000000
__Ltext20                                 text20       000000
__Ltext21                                 text21       000000
__Ltext22                                 text22       000000
__Ltext23                                 text23       000000
__Ltext24                                 text24       000000
__Ltext25                                 text25       000000
__Ltext26                                 text26       000000
__Ltext27                                 text27       000000
__Ltext28                                 text28       000000
__Ltext29                                 text29       000000
__Ltext3                                  text3        000000
__Ltext30                                 text30       000000
__Ltext31                                 text31       000000
__Ltext32                                 text32       000000
__Ltext33                                 text33       000000
__Ltext34                                 text34       000000
__Ltext36                                 text36       000000
__Ltext37                                 text37       000000
__Ltext38                                 text38       000000
__Ltext39                                 text39       000000
__Ltext4                                  text4        000000
__Ltext40                                 text40       000000
__Ltext41                                 text41       000000
__Ltext42                                 text42       000000
__Ltext43                                 text43       000000
__Ltext5                                  text5        000000
__Ltext6                                  text6        000000
__Ltext7                                  text7        000000
__Ltext8                                  text8        000000
__Ltext9                                  text9        000000
__S0                                      (abs)        008000
__S1                                      (abs)        000600
__S4                                      (abs)        000000
__S5                                      (abs)        000000
___heap_hi                                (abs)        000000
___heap_lo                                (abs)        000000
___inthi_sp                               stack        000000
___inthi_stack_hi                         stack        000000
___inthi_stack_lo                         stack        000000
___intlo_sp                               stack        000000
___intlo_stack_hi                         stack        000000
___intlo_stack_lo                         stack        000000
___param_bank                             (abs)        000000
___rparam_used                            (abs)        000001
___sp                                     stack        000000
___stack_hi                               stack        000000
___stack_lo                               stack        000000
__accesstop                               (abs)        000060
__activetblptr                            (abs)        000002
__end_of_Delay_ms                         text25       001422
__end_of_DispNothing                      text15       0012B4
__end_of_DispReady                        text14       001266
__end_of_DispReceive                      text13       001218
__end_of_DispTransmitting                 text12       0011CA
__end_of_EPWM2_Initialize                 text10       0015BC
__end_of_EPWM2_LoadDutyValue              text11       001484
__end_of_INTERRUPT_Initialize             text9        00162A
__end_of_INTERRUPT_InterruptManager       intcode      00005C
__end_of_OSCILLATOR_Initialize            text8        0015A0
__end_of_Oled_Command                     text33       00160E
__end_of_Oled_Driver                      text32       000D8A
__end_of_Oled_FillArea                    text20       000CE0
__end_of_Oled_FillScreen                  text27       001066
__end_of_Oled_Init                        text23       001374
__end_of_Oled_MemoryAccessControl         text26       0010D4
__end_of_Oled_Pixel                       text21       0006A0
__end_of_Oled_Reset                       text24       001584
__end_of_Oled_SetFont                     text22       00117C
__end_of_Oled_SetPointer                  text31       001454
__end_of_Oled_TextCenter                  text17       000C1E
__end_of_Oled_TextWidth                   text19       000E24
__end_of_Oled_WriteArea                   text28       0003E2
__end_of_Oled_WriteChar                   text18       000918
__end_of_Oled_WritePage                   text29       0013B0
__end_of_PIN_MANAGER_Initialize           text7        001524
__end_of_SPI1_ExchangeByte                text34       0015D6
__end_of_SPI1_Initialize                  text6        0015FE
__end_of_SPI1_Open                        text16       000EBA
__end_of_SPI1_WriteBlock                  text30       0013EA
__end_of_SYSTEM_Initialize                text1        001546
__end_of_TMR1_Initialize                  text5        0015EC
__end_of_TMR2_Initialize                  text4        00161C
__end_of_TMR3_DefaultInterruptHandler     text37       00162C
__end_of_TMR3_ISR                         text36       001338
__end_of_TMR3_Initialize                  text2        001500
__end_of_TMR3_ReadTimer                   text43       001566
__end_of_TMR3_SetInterruptHandler         text3        001626
__end_of_TMR3_WriteTimer                  text42       0014DC
__end_of_Terminal11x16                    mediumconst  007FE9
__end_of__initialization                  cinit        0012EC
__end_of_main                             text0        000FE0
__end_of_myTMR3ISR                        text38       000AE4
__end_of_sendSample                       text40       00112C
__end_of_setSample                        text39       000F4E
__end_of_spi1_configuration               mediumconst  0073B1
__end_ofi2_EPWM2_LoadDutyValue            text41       0014B4
__initialization                          cinit        0012B4
__mediumconst                             mediumconst  0073AC
__pbssBANK0                               bssBANK0     000077
__pbssBANK1                               bssBANK1     000100
__pbssBIGRAM                              bssBIGRAM    0001F5
__pbssCOMRAM                              bssCOMRAM    00003D
__pcinit                                  cinit        0012B4
__pcstackBANK0                            cstackBANK0  000060
__pcstackCOMRAM                           cstackCOMRAM 000001
__pintcode                                intcode      000008
__pmediumconst                            mediumconst  0073AC
__ptext0                                  text0        000F4E
__ptext1                                  text1        001524
__ptext10                                 text10       0015A0
__ptext11                                 text11       001454
__ptext12                                 text12       00117C
__ptext13                                 text13       0011CA
__ptext14                                 text14       001218
__ptext15                                 text15       001266
__ptext16                                 text16       000E24
__ptext17                                 text17       000AE4
__ptext18                                 text18       0006A0
__ptext19                                 text19       000D8A
__ptext2                                  text2        0014DC
__ptext20                                 text20       000C1E
__ptext21                                 text21       0003E2
__ptext22                                 text22       00112C
__ptext23                                 text23       001338
__ptext24                                 text24       001566
__ptext25                                 text25       0013EA
__ptext26                                 text26       001066
__ptext27                                 text27       000FE0
__ptext28                                 text28       000060
__ptext29                                 text29       001374
__ptext3                                  text3        00161C
__ptext30                                 text30       0013B0
__ptext31                                 text31       001422
__ptext32                                 text32       000CE0
__ptext33                                 text33       0015FE
__ptext34                                 text34       0015BC
__ptext36                                 text36       0012FA
__ptext37                                 text37       00162A
__ptext38                                 text38       000918
__ptext39                                 text39       000EBA
__ptext4                                  text4        00160E
__ptext40                                 text40       0010D4
__ptext41                                 text41       001484
__ptext42                                 text42       0014B4
__ptext43                                 text43       001546
__ptext5                                  text5        0015D6
__ptext6                                  text6        0015EC
__ptext7                                  text7        001500
__ptext8                                  text8        001584
__ptext9                                  text9        001626
__ramtop                                  ramtop       000600
__smallconst                              smallconst   000000
_bufferReady                              bssCOMRAM    00004B
_capture                                  bssCOMRAM    00004D
_main                                     text0        000F4E
_myTMR3ISR                                text38       000918
_recieve_buffer                           bssBANK1     000100
_sendSample                               text40       0010D4
_setSample                                text39       000EBA
_spi1_configuration                       mediumconst  0073AD
_timer1ReloadVal                          bssBANK0     00007D
_timer3ReloadVal                          bssCOMRAM    000046
_transmit                                 bssCOMRAM    00004C
btemp                                     temp         00004E
end_of_initialization                     cinit        0012EC
i2EPWM2_LoadDutyValue@dutyValue           cstackCOMRAM 000001
i2_EPWM2_LoadDutyValue                    text41       001484
int$flags                                 temp         00004E
intlevel0                                 text         000000
intlevel1                                 text         000000
intlevel2                                 text         000000
intlevel3                                 text         000000
isa$std                                   (abs)        000001
isa$xinst                                 (abs)        000000
myTMR3ISR@bitIndex                        bssCOMRAM    000049
myTMR3ISR@byteIndex                       bssCOMRAM    000048
myTMR3ISR@sampleIndex                     bssBANK0     00007F
myTMR3ISR@tmr3ISRstate                    bssCOMRAM    00004A
sendSample@bitValue                       cstackCOMRAM 00000B
sendSample@currentBit                     cstackCOMRAM 000008
sendSample@currentByte                    cstackCOMRAM 000007
sendSample@recieveBuffer                  cstackCOMRAM 000005
setSample@bitIndex                        cstackCOMRAM 000009
setSample@byteIndex                       cstackCOMRAM 000007
setSample@index                           cstackCOMRAM 000001
setSample@value                           cstackCOMRAM 000003
stackhi                                   (abs)        000000
stacklo                                   (abs)        000000
start                                     init         00005C
start_initialization                      cinit        0012B4
ttemp5                                    temp         00004F
ttemp6                                    temp         000052
ttemp7                                    temp         000056
wtemp8                                    temp         00004F


MODULE INFORMATION

Module		Function		Class		Link	Load	Size
demo.c
		_DispNothing   		CODE           	1266	0000	78
		_DispTransmitting		CODE           	117C	0000	78
		_DispReady     		CODE           	1218	0000	78
		_DispReceive   		CODE           	11CA	0000	78

demo.c estimated size: 312

mcc_generated_files/tmr2.c
		_TMR2_Initialize		CODE           	160E	0000	14

mcc_generated_files/tmr2.c estimated size: 14

mcc_generated_files/interrupt_manager.c
		_INTERRUPT_Initialize		CODE           	1626	0000	4
		_INTERRUPT_InterruptManager		CODE           	0008	0000	84

mcc_generated_files/interrupt_manager.c estimated size: 88

mcc_generated_files/epwm2.c
		_EPWM2_LoadDutyValue		CODE           	1454	0000	48
		_EPWM2_Initialize		CODE           	15A0	0000	28

mcc_generated_files/epwm2.c estimated size: 76

mcc_generated_files/pin_manager.c
		_PIN_MANAGER_Initialize		CODE           	1500	0000	36

mcc_generated_files/pin_manager.c estimated size: 36

mcc_generated_files/spi1.c
		_SPI1_WriteBlock		CODE           	13B0	0000	58
		_SPI1_Open     		CODE           	0E24	0000	150
		_SPI1_Initialize		CODE           	15EC	0000	18
		_SPI1_ExchangeByte		CODE           	15BC	0000	26

mcc_generated_files/spi1.c estimated size: 252

shared
		_Terminal11x16 		MEDIUMCONST    	73B1	0000	3128
		__initialization		CODE           	12B4	0000	56
		i2_EPWM2_LoadDutyValue		CODE           	1484	0000	48
		_spi1_configuration		MEDIUMCONST    	73AD	0000	4

shared estimated size: 3236

mcc_generated_files/mcc.c
		_OSCILLATOR_Initialize		CODE           	1584	0000	28
		_SYSTEM_Initialize		CODE           	1524	0000	34

mcc_generated_files/mcc.c estimated size: 62

mcc_generated_files/tmr3.c
		_TMR3_ISR      		CODE           	12FA	0000	62
		_TMR3_Initialize		CODE           	14DC	0000	36
		_TMR3_SetInterruptHandler		CODE           	161C	0000	10
		_TMR3_DefaultInterruptHandler		CODE           	162A	0000	2
		_TMR3_WriteTimer		CODE           	14B4	0000	40
		_TMR3_ReadTimer		CODE           	1546	0000	32

mcc_generated_files/tmr3.c estimated size: 182

mcc_generated_files/tmr1.c
		_TMR1_Initialize		CODE           	15D6	0000	22

mcc_generated_files/tmr1.c estimated size: 22

time_delay.c
		_Delay_ms      		CODE           	13EA	0000	56

time_delay.c estimated size: 56

oled.c
		_Oled_MemoryAccessControl		CODE           	1066	0000	110
		_Oled_WriteArea		CODE           	0060	0000	898
		_Oled_WritePage		CODE           	1374	0000	60
		_Oled_SetPointer		CODE           	1422	0000	50
		_Oled_WriteChar		CODE           	06A0	0000	632
		_Oled_TextWidth		CODE           	0D8A	0000	154
		_Oled_Reset    		CODE           	1566	0000	30
		_Oled_Pixel    		CODE           	03E2	0000	702
		_Oled_Init     		CODE           	1338	0000	60
		_Oled_Driver   		CODE           	0CE0	0000	170
		_Oled_FillScreen		CODE           	0FE0	0000	134
		_Oled_TextCenter		CODE           	0AE4	0000	314
		_Oled_SetFont  		CODE           	112C	0000	80
		_Oled_FillArea 		CODE           	0C1E	0000	194
		_Oled_Command  		CODE           	15FE	0000	16

oled.c estimated size: 3604

main.c
		_main          		CODE           	0F4E	0000	146
		_sendSample    		CODE           	10D4	0000	88
		_setSample     		CODE           	0EBA	0000	148
		_myTMR3ISR     		CODE           	0918	0000	460

main.c estimated size: 842

